<<TESTOBJECT>>[
  stringValue=***
  dateValue=***
  stringList=***
  intMap=***
  longValue=***
  intValue=***
  shortValue=***
  byteValue=***
  charValue=***
  doubleValue=***
  floatValue=***
  booleanValue=***
  objectArray=***
  longArray=***
  intArray=***
  shortArray=***
  byteArray=***
  charArray=***
  doubleArray=***
  floatArray=***
  booleanArray=***
  nullValue=***
  notMatchedStringValue=string",int
  notMatchedDateValue=Thu Jan 01 01:00:00 CET 1970
  notMatchedStringList=[foo,bar,<null>]
  notMatchedIntMap={foo=13,bar=14,<null>=<null>}
  notMatchedLongValue=1
  notMatchedIntValue=2
  notMatchedShortValue=3
  notMatchedByteValue=4
  notMatchedCharValue=A
  notMatchedDoubleValue=3.141592653589793
  notMatchedFloatValue=2.7182817
  notMatchedBooleanValue=true
  notMatchedObjectArray={1,foo,<null>}
  notMatchedLongArray={1,2}
  notMatchedIntArray={3,4}
  notMatchedShortArray={5,6}
  notMatchedByteArray={7,8}
  notMatchedCharArray={B,C}
  notMatchedDoubleArray={3.141592653589793,2.718281828459045}
  notMatchedFloatArray={1.5707964,1.3591409}
  notMatchedBooleanArray={true,false}
  notMatchedNullValue=<null>
  nested=<TestObject>
  notObfuscated=<TestObject>
  self=<<TESTOBJECT>>
]