<<TESTOBJECT>>[true,{true,false},4,{7,8},A,{B,C},3.141592653589793,{3.141592653589793,2.718281828459045},2.7182817,{1.5707964,1.3591409},2,{3,4},1,{1,2},string",int,Thu Jan 01 01:00:00 CET 1970,[foo,bar,<null>],{foo=13,bar=14,<null>=<null>},<null>,{1,foo,<null>},3,{5,6},booleanArray=<size=2>,byteArray=<size=2>,charArray=<size=2>,doubleArray=<size=2>,floatArray=<size=2>,intArray=<size=2>,longArray=<size=2>,stringValue=<String>,dateValue=<Date>,stringList=<size=3>,intMap=<size=3>,nullValue=***,objectArray=<size=3>,shortArray=<size=2>,notMatchedBooleanArray=<size=2>,notMatchedByteArray=<size=2>,notMatchedCharArray=<size=2>,notMatchedDoubleArray=<size=2>,notMatchedFloatArray=<size=2>,notMatchedIntArray=<size=2>,notMatchedLongArray=<size=2>,notMatchedStringValue=<String>,notMatchedDateValue=<Date>,notMatchedStringList=<size=3>,notMatchedIntMap=<size=3>,notMatchedNullValue=<null>,notMatchedObjectArray=<size=3>,notMatchedShortArray=<size=2>,super,toString]