true,{true,false},4,{7,8},A,{B,C},3.141592653589793,{3.141592653589793,2.718281828459045},2.7182817,{1.5707964,1.3591409},2,{3,4},1,{1,2},string",int,Thu Jan 01 01:00:00 CET 1970,[foo,bar,<null>],{foo=13,bar=14,<null>=<null>},<null>,{1,foo,<null>},3,{5,6},***,***,***,***,***,***,***,***,***,***,***,***,***,***,<size=2>,<size=2>,<size=2>,<size=2>,<size=2>,<size=2>,<size=2>,<String>,<Date>,<size=3>,<size=3>,<null>,<size=3>,<size=2>,super,toString